I'm sorry, but errors were detected in your script. Please correct the
errors listed below, and try again.


File "game/script.rpy", line 49: play requires a channel
    play "D:/PlayGirls/game/audio/FootStep.wav"
         ^

Ren'Py Version: Ren'Py 7.4.0.1167
Mon Jan 11 02:15:52 2021
